{"value":"{\u0022Username\u0022:\u0022John\u0022,\u0022Roles\u0022:[\u0022Admin\u0022]}","type":"Json"}
