{"value":"\u003Cusername\u003EJohn\u003C/username\u003E","type":"Xml"}
